==============================================================================
Testdemo5 :: validating the login page                                        
==============================================================================
close the Browser                                                     | PASS |
------------------------------------------------------------------------------
Testdemo5 :: validating the login page                                | PASS |
1 test, 1 passed, 0 failed
==============================================================================
Output:  C:\Users\91938\PycharmProjects\robot\tests\pabot_results\1\output.xml
