==============================================================================
Testdemo5 :: validating the login page                                        
==============================================================================
card titles checking in the shop page                                 | PASS |
------------------------------------------------------------------------------
Testdemo5 :: validating the login page                                | PASS |
1 test, 1 passed, 0 failed
==============================================================================
Output:  C:\Users\91938\PycharmProjects\robot\tests\pabot_results\0\output.xml
